stm32f4xx_tim.c:195:6:TIM_DeInit	16	static
stm32f4xx_tim.c:283:6:TIM_TimeBaseInit	24	static
stm32f4xx_tim.c:335:6:TIM_TimeBaseStructInit	16	static
stm32f4xx_tim.c:355:6:TIM_PrescalerConfig	16	static
stm32f4xx_tim.c:378:6:TIM_CounterModeConfig	24	static
stm32f4xx_tim.c:404:6:TIM_SetCounter	16	static
stm32f4xx_tim.c:419:6:TIM_SetAutoreload	16	static
stm32f4xx_tim.c:433:10:TIM_GetCounter	16	static
stm32f4xx_tim.c:447:10:TIM_GetPrescaler	16	static
stm32f4xx_tim.c:463:6:TIM_UpdateDisableConfig	16	static
stm32f4xx_tim.c:492:6:TIM_UpdateRequestConfig	16	static
stm32f4xx_tim.c:517:6:TIM_ARRPreloadConfig	16	static
stm32f4xx_tim.c:544:6:TIM_SelectOnePulseMode	16	static
stm32f4xx_tim.c:567:6:TIM_SetClockDivision	16	static
stm32f4xx_tim.c:587:6:TIM_Cmd	16	static
stm32f4xx_tim.c:666:6:TIM_OC1Init	24	static
stm32f4xx_tim.c:747:6:TIM_OC2Init	24	static
stm32f4xx_tim.c:828:6:TIM_OC3Init	24	static
stm32f4xx_tim.c:908:6:TIM_OC4Init	24	static
stm32f4xx_tim.c:971:6:TIM_OCStructInit	16	static
stm32f4xx_tim.c:1007:6:TIM_SelectOCxM	24	static
stm32f4xx_tim.c:1053:6:TIM_SetCompare1	16	static
stm32f4xx_tim.c:1069:6:TIM_SetCompare2	16	static
stm32f4xx_tim.c:1084:6:TIM_SetCompare3	16	static
stm32f4xx_tim.c:1099:6:TIM_SetCompare4	16	static
stm32f4xx_tim.c:1117:6:TIM_ForcedOC1Config	24	static
stm32f4xx_tim.c:1146:6:TIM_ForcedOC2Config	24	static
stm32f4xx_tim.c:1174:6:TIM_ForcedOC3Config	24	static
stm32f4xx_tim.c:1203:6:TIM_ForcedOC4Config	24	static
stm32f4xx_tim.c:1231:6:TIM_OC1PreloadConfig	24	static
stm32f4xx_tim.c:1261:6:TIM_OC2PreloadConfig	24	static
stm32f4xx_tim.c:1290:6:TIM_OC3PreloadConfig	24	static
stm32f4xx_tim.c:1319:6:TIM_OC4PreloadConfig	24	static
stm32f4xx_tim.c:1348:6:TIM_OC1FastConfig	24	static
stm32f4xx_tim.c:1379:6:TIM_OC2FastConfig	24	static
stm32f4xx_tim.c:1409:6:TIM_OC3FastConfig	24	static
stm32f4xx_tim.c:1439:6:TIM_OC4FastConfig	24	static
stm32f4xx_tim.c:1469:6:TIM_ClearOC1Ref	24	static
stm32f4xx_tim.c:1499:6:TIM_ClearOC2Ref	24	static
stm32f4xx_tim.c:1528:6:TIM_ClearOC3Ref	24	static
stm32f4xx_tim.c:1557:6:TIM_ClearOC4Ref	24	static
stm32f4xx_tim.c:1586:6:TIM_OC1PolarityConfig	24	static
stm32f4xx_tim.c:1613:6:TIM_OC1NPolarityConfig	24	static
stm32f4xx_tim.c:1640:6:TIM_OC2PolarityConfig	24	static
stm32f4xx_tim.c:1667:6:TIM_OC2NPolarityConfig	24	static
stm32f4xx_tim.c:1694:6:TIM_OC3PolarityConfig	24	static
stm32f4xx_tim.c:1721:6:TIM_OC3NPolarityConfig	24	static
stm32f4xx_tim.c:1748:6:TIM_OC4PolarityConfig	24	static
stm32f4xx_tim.c:1779:6:TIM_CCxCmd	24	static
stm32f4xx_tim.c:1809:6:TIM_CCxNCmd	24	static
stm32f4xx_tim.c:1891:6:TIM_ICInit	16	static
stm32f4xx_tim.c:1947:6:TIM_ICStructInit	16	static
stm32f4xx_tim.c:1966:6:TIM_PWMIConfig	24	static
stm32f4xx_tim.c:2023:10:TIM_GetCapture1	16	static
stm32f4xx_tim.c:2038:10:TIM_GetCapture2	16	static
stm32f4xx_tim.c:2052:10:TIM_GetCapture3	16	static
stm32f4xx_tim.c:2066:10:TIM_GetCapture4	16	static
stm32f4xx_tim.c:2086:6:TIM_SetIC1Prescaler	16	static
stm32f4xx_tim.c:2111:6:TIM_SetIC2Prescaler	16	static
stm32f4xx_tim.c:2135:6:TIM_SetIC3Prescaler	16	static
stm32f4xx_tim.c:2159:6:TIM_SetIC4Prescaler	16	static
stm32f4xx_tim.c:2212:6:TIM_BDTRConfig	16	static
stm32f4xx_tim.c:2237:6:TIM_BDTRStructInit	16	static
stm32f4xx_tim.c:2256:6:TIM_CtrlPWMOutputs	16	static
stm32f4xx_tim.c:2281:6:TIM_SelectCOM	16	static
stm32f4xx_tim.c:2306:6:TIM_CCPreloadControl	16	static
stm32f4xx_tim.c:2363:6:TIM_ITConfig	16	static
stm32f4xx_tim.c:2401:6:TIM_GenerateEvent	16	static
stm32f4xx_tim.c:2434:12:TIM_GetFlagStatus	24	static
stm32f4xx_tim.c:2476:6:TIM_ClearFlag	16	static
stm32f4xx_tim.c:2504:10:TIM_GetITStatus	24	static
stm32f4xx_tim.c:2545:6:TIM_ClearITPendingBit	16	static
stm32f4xx_tim.c:2582:6:TIM_DMAConfig	16	static
stm32f4xx_tim.c:2609:6:TIM_DMACmd	16	static
stm32f4xx_tim.c:2635:6:TIM_SelectCCDMA	16	static
stm32f4xx_tim.c:2674:6:TIM_InternalClockConfig	16	static
stm32f4xx_tim.c:2695:6:TIM_ITRxExternalClockConfig	16	static
stm32f4xx_tim.c:2725:6:TIM_TIxExternalClockConfig	24	static
stm32f4xx_tim.c:2765:6:TIM_ETRClockMode1Config	32	static
stm32f4xx_tim.c:2812:6:TIM_ETRClockMode2Config	24	static
stm32f4xx_tim.c:2880:6:TIM_SelectInputTrigger	24	static
stm32f4xx_tim.c:2923:6:TIM_SelectOutputTrigger	16	static
stm32f4xx_tim.c:2947:6:TIM_SelectSlaveMode	16	static
stm32f4xx_tim.c:2970:6:TIM_SelectMasterSlaveMode	16	static
stm32f4xx_tim.c:3000:6:TIM_ETRConfig	32	static
stm32f4xx_tim.c:3058:6:TIM_EncoderInterfaceConfig	32	static
stm32f4xx_tim.c:3110:6:TIM_SelectHallSensor	16	static
stm32f4xx_tim.c:3161:6:TIM_RemapConfig	16	static
stm32f4xx_tim.c:3192:13:TI1_Config	32	static
stm32f4xx_tim.c:3233:13:TI2_Config	32	static
stm32f4xx_tim.c:3275:13:TI3_Config	32	static
stm32f4xx_tim.c:3316:13:TI4_Config	32	static
