Archive member included to satisfy reference by file (symbol)

d:/cube/stm32cubeide_1.4.0/stm32cubeide/plugins/com.st.stm32cube.ide.mcu.externaltools.gnu-tools-for-stm32.7-2018-q2-update.win32_1.4.0.202007081208/tools/bin/../lib/gcc/arm-none-eabi/7.3.1/../../../../arm-none-eabi/lib/thumb/v7e-m/fpv4-sp/hard\libc_nano.a(lib_a-exit.o)
                              d:/cube/stm32cubeide_1.4.0/stm32cubeide/plugins/com.st.stm32cube.ide.mcu.externaltools.gnu-tools-for-stm32.7-2018-q2-update.win32_1.4.0.202007081208/tools/bin/../lib/gcc/arm-none-eabi/7.3.1/../../../../arm-none-eabi/lib/thumb/v7e-m/fpv4-sp/hard/crt0.o (exit)
d:/cube/stm32cubeide_1.4.0/stm32cubeide/plugins/com.st.stm32cube.ide.mcu.externaltools.gnu-tools-for-stm32.7-2018-q2-update.win32_1.4.0.202007081208/tools/bin/../lib/gcc/arm-none-eabi/7.3.1/../../../../arm-none-eabi/lib/thumb/v7e-m/fpv4-sp/hard\libc_nano.a(lib_a-impure.o)
                              d:/cube/stm32cubeide_1.4.0/stm32cubeide/plugins/com.st.stm32cube.ide.mcu.externaltools.gnu-tools-for-stm32.7-2018-q2-update.win32_1.4.0.202007081208/tools/bin/../lib/gcc/arm-none-eabi/7.3.1/../../../../arm-none-eabi/lib/thumb/v7e-m/fpv4-sp/hard\libc_nano.a(lib_a-exit.o) (_global_impure_ptr)
d:/cube/stm32cubeide_1.4.0/stm32cubeide/plugins/com.st.stm32cube.ide.mcu.externaltools.gnu-tools-for-stm32.7-2018-q2-update.win32_1.4.0.202007081208/tools/bin/../lib/gcc/arm-none-eabi/7.3.1/../../../../arm-none-eabi/lib/thumb/v7e-m/fpv4-sp/hard\libc_nano.a(lib_a-init.o)
                              d:/cube/stm32cubeide_1.4.0/stm32cubeide/plugins/com.st.stm32cube.ide.mcu.externaltools.gnu-tools-for-stm32.7-2018-q2-update.win32_1.4.0.202007081208/tools/bin/../lib/gcc/arm-none-eabi/7.3.1/../../../../arm-none-eabi/lib/thumb/v7e-m/fpv4-sp/hard/crt0.o (__libc_init_array)
d:/cube/stm32cubeide_1.4.0/stm32cubeide/plugins/com.st.stm32cube.ide.mcu.externaltools.gnu-tools-for-stm32.7-2018-q2-update.win32_1.4.0.202007081208/tools/bin/../lib/gcc/arm-none-eabi/7.3.1/../../../../arm-none-eabi/lib/thumb/v7e-m/fpv4-sp/hard\libc_nano.a(lib_a-memset.o)
                              d:/cube/stm32cubeide_1.4.0/stm32cubeide/plugins/com.st.stm32cube.ide.mcu.externaltools.gnu-tools-for-stm32.7-2018-q2-update.win32_1.4.0.202007081208/tools/bin/../lib/gcc/arm-none-eabi/7.3.1/../../../../arm-none-eabi/lib/thumb/v7e-m/fpv4-sp/hard/crt0.o (memset)
d:/cube/stm32cubeide_1.4.0/stm32cubeide/plugins/com.st.stm32cube.ide.mcu.externaltools.gnu-tools-for-stm32.7-2018-q2-update.win32_1.4.0.202007081208/tools/bin/../lib/gcc/arm-none-eabi/7.3.1/../../../../arm-none-eabi/lib/thumb/v7e-m/fpv4-sp/hard\libnosys.a(_exit.o)
                              d:/cube/stm32cubeide_1.4.0/stm32cubeide/plugins/com.st.stm32cube.ide.mcu.externaltools.gnu-tools-for-stm32.7-2018-q2-update.win32_1.4.0.202007081208/tools/bin/../lib/gcc/arm-none-eabi/7.3.1/../../../../arm-none-eabi/lib/thumb/v7e-m/fpv4-sp/hard\libc_nano.a(lib_a-exit.o) (_exit)

Allocating common symbols
Common symbol       size              file

VGA                 0xc               Core/Src/main.o
VGA_RAM1            0x12cf0           Core/Src/main.o

Discarded input sections

 .text          0x0000000000000000        0x0 d:/cube/stm32cubeide_1.4.0/stm32cubeide/plugins/com.st.stm32cube.ide.mcu.externaltools.gnu-tools-for-stm32.7-2018-q2-update.win32_1.4.0.202007081208/tools/bin/../lib/gcc/arm-none-eabi/7.3.1/thumb/v7e-m/fpv4-sp/hard/crti.o
 .data          0x0000000000000000        0x0 d:/cube/stm32cubeide_1.4.0/stm32cubeide/plugins/com.st.stm32cube.ide.mcu.externaltools.gnu-tools-for-stm32.7-2018-q2-update.win32_1.4.0.202007081208/tools/bin/../lib/gcc/arm-none-eabi/7.3.1/thumb/v7e-m/fpv4-sp/hard/crti.o
 .bss           0x0000000000000000        0x0 d:/cube/stm32cubeide_1.4.0/stm32cubeide/plugins/com.st.stm32cube.ide.mcu.externaltools.gnu-tools-for-stm32.7-2018-q2-update.win32_1.4.0.202007081208/tools/bin/../lib/gcc/arm-none-eabi/7.3.1/thumb/v7e-m/fpv4-sp/hard/crti.o
 .data          0x0000000000000000        0x4 d:/cube/stm32cubeide_1.4.0/stm32cubeide/plugins/com.st.stm32cube.ide.mcu.externaltools.gnu-tools-for-stm32.7-2018-q2-update.win32_1.4.0.202007081208/tools/bin/../lib/gcc/arm-none-eabi/7.3.1/thumb/v7e-m/fpv4-sp/hard/crtbegin.o
 .text          0x0000000000000000       0x74 d:/cube/stm32cubeide_1.4.0/stm32cubeide/plugins/com.st.stm32cube.ide.mcu.externaltools.gnu-tools-for-stm32.7-2018-q2-update.win32_1.4.0.202007081208/tools/bin/../lib/gcc/arm-none-eabi/7.3.1/../../../../arm-none-eabi/lib/thumb/v7e-m/fpv4-sp/hard/crt0.o
 .data          0x0000000000000000        0x0 d:/cube/stm32cubeide_1.4.0/stm32cubeide/plugins/com.st.stm32cube.ide.mcu.externaltools.gnu-tools-for-stm32.7-2018-q2-update.win32_1.4.0.202007081208/tools/bin/../lib/gcc/arm-none-eabi/7.3.1/../../../../arm-none-eabi/lib/thumb/v7e-m/fpv4-sp/hard/crt0.o
[...]
Memory Configuration

Name             Origin             Length             Attributes
CCMRAM           0x0000000010000000 0x0000000000010000 xrw
RAM              0x0000000020000000 0x0000000000020000 xrw
FLASH            0x0000000008000000 0x0000000000100000 xr
*default*        0x0000000000000000 0xffffffffffffffff

Linker script and memory map

LOAD d:/cube/stm32cubeide_1.4.0/stm32cubeide/plugins/com.st.stm32cube.ide.mcu.externaltools.gnu-tools-for-stm32.7-2018-q2-update.win32_1.4.0.202007081208/tools/bin/../lib/gcc/arm-none-eabi/7.3.1/thumb/v7e-m/fpv4-sp/hard/crti.o
LOAD d:/cube/stm32cubeide_1.4.0/stm32cubeide/plugins/com.st.stm32cube.ide.mcu.externaltools.gnu-tools-for-stm32.7-2018-q2-update.win32_1.4.0.202007081208/tools/bin/../lib/gcc/arm-none-eabi/7.3.1/thumb/v7e-m/fpv4-sp/hard/crtbegin.o
LOAD d:/cube/stm32cubeide_1.4.0/stm32cubeide/plugins/com.st.stm32cube.ide.mcu.externaltools.gnu-tools-for-stm32.7-2018-q2-update.win32_1.4.0.202007081208/tools/bin/../lib/gcc/arm-none-eabi/7.3.1/../../../../arm-none-eabi/lib/thumb/v7e-m/fpv4-sp/hard/crt0.o
LOAD Core/Src/main.o
LOAD Core/Src/misc.o
LOAD Core/Src/startup_stm32f4xx.o
LOAD Core/Src/stm32_ub_vga_screen.o
LOAD Core/Src/stm32f4xx_dma.o
LOAD Core/Src/stm32f4xx_gpio.o
LOAD Core/Src/stm32f4xx_rcc.o
LOAD Core/Src/stm32f4xx_tim.o
LOAD Core/Src/system_stm32f4xx.o
LOAD Core/Startup/startup_stm32f407vgtx.o
LOAD Drivers/STM32F4xx_HAL_Driver/Src/stm32f4xx_hal.o
LOAD Drivers/STM32F4xx_HAL_Driver/Src/stm32f4xx_hal_cortex.o
LOAD Drivers/STM32F4xx_HAL_Driver/Src/stm32f4xx_hal_dma.o
LOAD Drivers/STM32F4xx_HAL_Driver/Src/stm32f4xx_hal_dma_ex.o
LOAD Drivers/STM32F4xx_HAL_Driver/Src/stm32f4xx_hal_exti.o
LOAD Drivers/STM32F4xx_HAL_Driver/Src/stm32f4xx_hal_flash.o
LOAD Drivers/STM32F4xx_HAL_Driver/Src/stm32f4xx_hal_flash_ex.o
LOAD Drivers/STM32F4xx_HAL_Driver/Src/stm32f4xx_hal_flash_ramfunc.o
LOAD Drivers/STM32F4xx_HAL_Driver/Src/stm32f4xx_hal_gpio.o
LOAD Drivers/STM32F4xx_HAL_Driver/Src/stm32f4xx_hal_pwr.o
LOAD Drivers/STM32F4xx_HAL_Driver/Src/stm32f4xx_hal_pwr_ex.o
LOAD Drivers/STM32F4xx_HAL_Driver/Src/stm32f4xx_hal_rcc.o
LOAD Drivers/STM32F4xx_HAL_Driver/Src/stm32f4xx_hal_rcc_ex.o
LOAD Drivers/STM32F4xx_HAL_Driver/Src/stm32f4xx_hal_tim.o
LOAD Drivers/STM32F4xx_HAL_Driver/Src/stm32f4xx_hal_tim_ex.o
START GROUP
LOAD d:/cube/stm32cubeide_1.4.0/stm32cubeide/plugins/com.st.stm32cube.ide.mcu.externaltools.gnu-tools-for-stm32.7-2018-q2-update.win32_1.4.0.202007081208/tools/bin/../lib/gcc/arm-none-eabi/7.3.1/../../../../arm-none-eabi/lib/thumb/v7e-m/fpv4-sp/hard\libc_nano.a
LOAD d:/cube/stm32cubeide_1.4.0/stm32cubeide/plugins/com.st.stm32cube.ide.mcu.externaltools.gnu-tools-for-stm32.7-2018-q2-update.win32_1.4.0.202007081208/tools/bin/../lib/gcc/arm-none-eabi/7.3.1/../../../../arm-none-eabi/lib/thumb/v7e-m/fpv4-sp/hard\libm.a
END GROUP
START GROUP
LOAD d:/cube/stm32cubeide_1.4.0/stm32cubeide/plugins/com.st.stm32cube.ide.mcu.externaltools.gnu-tools-for-stm32.7-2018-q2-update.win32_1.4.0.202007081208/tools/bin/../lib/gcc/arm-none-eabi/7.3.1/thumb/v7e-m/fpv4-sp/hard\libgcc.a
LOAD d:/cube/stm32cubeide_1.4.0/stm32cubeide/plugins/com.st.stm32cube.ide.mcu.externaltools.gnu-tools-for-stm32.7-2018-q2-update.win32_1.4.0.202007081208/tools/bin/../lib/gcc/arm-none-eabi/7.3.1/../../../../arm-none-eabi/lib/thumb/v7e-m/fpv4-sp/hard\libc_nano.a
END GROUP
START GROUP
LOAD d:/cube/stm32cubeide_1.4.0/stm32cubeide/plugins/com.st.stm32cube.ide.mcu.externaltools.gnu-tools-for-stm32.7-2018-q2-update.win32_1.4.0.202007081208/tools/bin/../lib/gcc/arm-none-eabi/7.3.1/thumb/v7e-m/fpv4-sp/hard\libgcc.a
LOAD d:/cube/stm32cubeide_1.4.0/stm32cubeide/plugins/com.st.stm32cube.ide.mcu.externaltools.gnu-tools-for-stm32.7-2018-q2-update.win32_1.4.0.202007081208/tools/bin/../lib/gcc/arm-none-eabi/7.3.1/../../../../arm-none-eabi/lib/thumb/v7e-m/fpv4-sp/hard\libc_nano.a
LOAD d:/cube/stm32cubeide_1.4.0/stm32cubeide/plugins/com.st.stm32cube.ide.mcu.externaltools.gnu-tools-for-stm32.7-2018-q2-update.win32_1.4.0.202007081208/tools/bin/../lib/gcc/arm-none-eabi/7.3.1/../../../../arm-none-eabi/lib/thumb/v7e-m/fpv4-sp/hard\libnosys.a
END GROUP
START GROUP
LOAD d:/cube/stm32cubeide_1.4.0/stm32cubeide/plugins/com.st.stm32cube.ide.mcu.externaltools.gnu-tools-for-stm32.7-2018-q2-update.win32_1.4.0.202007081208/tools/bin/../lib/gcc/arm-none-eabi/7.3.1/thumb/v7e-m/fpv4-sp/hard\libgcc.a
LOAD d:/cube/stm32cubeide_1.4.0/stm32cubeide/plugins/com.st.stm32cube.ide.mcu.externaltools.gnu-tools-for-stm32.7-2018-q2-update.win32_1.4.0.202007081208/tools/bin/../lib/gcc/arm-none-eabi/7.3.1/../../../../arm-none-eabi/lib/thumb/v7e-m/fpv4-sp/hard\libc_nano.a
LOAD d:/cube/stm32cubeide_1.4.0/stm32cubeide/plugins/com.st.stm32cube.ide.mcu.externaltools.gnu-tools-for-stm32.7-2018-q2-update.win32_1.4.0.202007081208/tools/bin/../lib/gcc/arm-none-eabi/7.3.1/../../../../arm-none-eabi/lib/thumb/v7e-m/fpv4-sp/hard\libnosys.a
END GROUP
LOAD d:/cube/stm32cubeide_1.4.0/stm32cubeide/plugins/com.st.stm32cube.ide.mcu.externaltools.gnu-tools-for-stm32.7-2018-q2-update.win32_1.4.0.202007081208/tools/bin/../lib/gcc/arm-none-eabi/7.3.1/thumb/v7e-m/fpv4-sp/hard/crtend.o
LOAD d:/cube/stm32cubeide_1.4.0/stm32cubeide/plugins/com.st.stm32cube.ide.mcu.externaltools.gnu-tools-for-stm32.7-2018-q2-update.win32_1.4.0.202007081208/tools/bin/../lib/gcc/arm-none-eabi/7.3.1/thumb/v7e-m/fpv4-sp/hard/crtn.o
                0x0000000020020000                _estack = (ORIGIN (RAM) + LENGTH (RAM))
                0x0000000000000200                _Min_Heap_Size = 0x200
                0x0000000000000400                _Min_Stack_Size = 0x400

.isr_vector     0x0000000008000000      0x188
                0x0000000008000000                . = ALIGN (0x4)
 *(.isr_vector)
 .isr_vector    0x0000000008000000      0x188 Core/Startup/startup_stm32f407vgtx.o
                0x0000000008000000                g_pfnVectors
                0x0000000008000188                . = ALIGN (0x4)

.text           0x0000000008000188     0x1274
                0x0000000008000188                . = ALIGN (0x4)
 *(.text)
 .text          0x0000000008000188       0x40 d:/cube/stm32cubeide_1.4.0/stm32cubeide/plugins/com.st.stm32cube.ide.mcu.externaltools.gnu-tools-for-stm32.7-2018-q2-update.win32_1.4.0.202007081208/tools/bin/../lib/gcc/arm-none-eabi/7.3.1/thumb/v7e-m/fpv4-sp/hard/crtbegin.o
 *(.text*)
 .text.main     0x00000000080001c8       0x14 Core/Src/main.o
                0x00000000080001c8                main
 .text.NVIC_Init
                0x00000000080001dc       0xc4 Core/Src/misc.o
                0x00000000080001dc                NVIC_Init
 .text.UB_VGA_Screen_Init
                0x00000000080002a0       0x80 Core/Src/stm32_ub_vga_screen.o
                0x00000000080002a0                UB_VGA_Screen_Init
 .text.UB_VGA_FillScreen
                0x0000000008000320       0x44 Core/Src/stm32_ub_vga_screen.o
                0x0000000008000320                UB_VGA_FillScreen
 .text.UB_VGA_SetPixel
                0x0000000008000364       0x50 Core/Src/stm32_ub_vga_screen.o
                0x0000000008000364                UB_VGA_SetPixel
 .text.P_VGA_InitIO
                0x00000000080003b4       0xa8 Core/Src/stm32_ub_vga_screen.o
                0x00000000080003b4                P_VGA_InitIO
 .text.P_VGA_InitTIM
                0x000000000800045c       0xcc Core/Src/stm32_ub_vga_screen.o
                0x000000000800045c                P_VGA_InitTIM
 .text.P_VGA_InitINT
                0x0000000008000528       0x58 Core/Src/stm32_ub_vga_screen.o
                0x0000000008000528                P_VGA_InitINT
 .text.P_VGA_InitDMA
                0x0000000008000580       0x90 Core/Src/stm32_ub_vga_screen.o
                0x0000000008000580                P_VGA_InitDMA
 .text.TIM2_IRQHandler
                0x0000000008000610       0xbc Core/Src/stm32_ub_vga_screen.o
                0x0000000008000610                TIM2_IRQHandler
 .text.DMA2_Stream5_IRQHandler
                0x00000000080006cc       0x4c Core/Src/stm32_ub_vga_screen.o
                0x00000000080006cc                DMA2_Stream5_IRQHandler
 .text.DMA_DeInit
                0x0000000008000718      0x1a8 Core/Src/stm32f4xx_dma.o
                0x0000000008000718                DMA_DeInit
 .text.DMA_Init
                0x00000000080008c0       0xb0 Core/Src/stm32f4xx_dma.o
                0x00000000080008c0                DMA_Init
 .text.DMA_Cmd  0x0000000008000970       0x38 Core/Src/stm32f4xx_dma.o
                0x0000000008000970                DMA_Cmd
 .text.DMA_ITConfig
                0x00000000080009a8       0x74 Core/Src/stm32f4xx_dma.o
                0x00000000080009a8                DMA_ITConfig
 .text.DMA_GetITStatus
                0x0000000008000a1c       0xb0 Core/Src/stm32f4xx_dma.o
                0x0000000008000a1c                DMA_GetITStatus
 .text.DMA_ClearITPendingBit
                0x0000000008000acc       0x5c Core/Src/stm32f4xx_dma.o
                0x0000000008000acc                DMA_ClearITPendingBit
 .text.GPIO_Init
                0x0000000008000b28      0x11c Core/Src/stm32f4xx_gpio.o
                0x0000000008000b28                GPIO_Init
 .text.GPIO_PinAFConfig
                0x0000000008000c44       0x92 Core/Src/stm32f4xx_gpio.o
                0x0000000008000c44                GPIO_PinAFConfig
 *fill*         0x0000000008000cd6        0x2 
 .text.RCC_AHB1PeriphClockCmd
                0x0000000008000cd8       0x40 Core/Src/stm32f4xx_rcc.o
                0x0000000008000cd8                RCC_AHB1PeriphClockCmd
 .text.RCC_APB1PeriphClockCmd
                0x0000000008000d18       0x40 Core/Src/stm32f4xx_rcc.o
                0x0000000008000d18                RCC_APB1PeriphClockCmd
 .text.RCC_APB2PeriphClockCmd
                0x0000000008000d58       0x40 Core/Src/stm32f4xx_rcc.o
                0x0000000008000d58                RCC_APB2PeriphClockCmd
 .text.TIM_TimeBaseInit
                0x0000000008000d98       0xd8 Core/Src/stm32f4xx_tim.o
                0x0000000008000d98                TIM_TimeBaseInit
 .text.TIM_ARRPreloadConfig
                0x0000000008000e70       0x40 Core/Src/stm32f4xx_tim.o
                0x0000000008000e70                TIM_ARRPreloadConfig
 .text.TIM_Cmd  0x0000000008000eb0       0x40 Core/Src/stm32f4xx_tim.o
                0x0000000008000eb0                TIM_Cmd
 .text.TIM_OC3Init
                0x0000000008000ef0      0x10c Core/Src/stm32f4xx_tim.o
                0x0000000008000ef0                TIM_OC3Init
 .text.TIM_OC4Init
                0x0000000008000ffc       0xd0 Core/Src/stm32f4xx_tim.o
                0x0000000008000ffc                TIM_OC4Init
 .text.TIM_OC3PreloadConfig
                0x00000000080010cc       0x38 Core/Src/stm32f4xx_tim.o
                0x00000000080010cc                TIM_OC3PreloadConfig
 .text.TIM_OC4PreloadConfig
                0x0000000008001104       0x3c Core/Src/stm32f4xx_tim.o
                0x0000000008001104                TIM_OC4PreloadConfig
 .text.TIM_ITConfig
                0x0000000008001140       0x48 Core/Src/stm32f4xx_tim.o
                0x0000000008001140                TIM_ITConfig
 .text.TIM_ClearITPendingBit
                0x0000000008001188       0x22 Core/Src/stm32f4xx_tim.o
                0x0000000008001188                TIM_ClearITPendingBit
 .text.TIM_DMACmd
                0x00000000080011aa       0x48 Core/Src/stm32f4xx_tim.o
                0x00000000080011aa                TIM_DMACmd
 *fill*         0x00000000080011f2        0x2 
 .text.SystemInit
                0x00000000080011f4       0x5c Core/Src/system_stm32f4xx.o
                0x00000000080011f4                SystemInit
 .text.SetSysClock
                0x0000000008001250       0xf8 Core/Src/system_stm32f4xx.o
 .text.Reset_Handler
                0x0000000008001348       0x50 Core/Startup/startup_stm32f407vgtx.o
                0x0000000008001348                Reset_Handler
 .text.Default_Handler
                0x0000000008001398        0x2 Core/Startup/startup_stm32f407vgtx.o
                0x0000000008001398                RTC_Alarm_IRQHandler
                0x0000000008001398                HASH_RNG_IRQHandler
                0x0000000008001398                EXTI2_IRQHandler
                0x0000000008001398                TIM8_CC_IRQHandler
                0x0000000008001398                DebugMon_Handler
                0x0000000008001398                TIM1_CC_IRQHandler
                0x0000000008001398                HardFault_Handler
                0x0000000008001398                DMA1_Stream5_IRQHandler
                0x0000000008001398                SysTick_Handler
                0x0000000008001398                PVD_IRQHandler
                0x0000000008001398                SDIO_IRQHandler
                0x0000000008001398                TAMP_STAMP_IRQHandler
                0x0000000008001398                PendSV_Handler
                0x0000000008001398                NMI_Handler
                0x0000000008001398                CAN2_RX1_IRQHandler
                0x0000000008001398                EXTI3_IRQHandler
                0x0000000008001398                TIM8_TRG_COM_TIM14_IRQHandler
                0x0000000008001398                TIM1_UP_TIM10_IRQHandler
                0x0000000008001398                TIM8_UP_TIM13_IRQHandler
                0x0000000008001398                I2C3_ER_IRQHandler
                0x0000000008001398                EXTI0_IRQHandler
                0x0000000008001398                I2C2_EV_IRQHandler
                0x0000000008001398                DMA1_Stream2_IRQHandler
                0x0000000008001398                CAN1_RX0_IRQHandler
                0x0000000008001398                FPU_IRQHandler
                0x0000000008001398                OTG_HS_WKUP_IRQHandler
                0x0000000008001398                UsageFault_Handler
                0x0000000008001398                CAN2_SCE_IRQHandler
                0x0000000008001398                DMA2_Stream2_IRQHandler
                0x0000000008001398                SPI1_IRQHandler
                0x0000000008001398                TIM6_DAC_IRQHandler
                0x0000000008001398                TIM1_BRK_TIM9_IRQHandler
                0x0000000008001398                DCMI_IRQHandler
                0x0000000008001398                CAN2_RX0_IRQHandler
                0x0000000008001398                DMA2_Stream3_IRQHandler
                0x0000000008001398                USART6_IRQHandler
                0x0000000008001398                USART3_IRQHandler
                0x0000000008001398                CAN1_RX1_IRQHandler
                0x0000000008001398                UART5_IRQHandler
                0x0000000008001398                DMA2_Stream0_IRQHandler
                0x0000000008001398                TIM4_IRQHandler
                0x0000000008001398                I2C1_EV_IRQHandler
                0x0000000008001398                DMA1_Stream6_IRQHandler
                0x0000000008001398                DMA1_Stream1_IRQHandler
                0x0000000008001398                UART4_IRQHandler
                0x0000000008001398                TIM3_IRQHandler
                0x0000000008001398                RCC_IRQHandler
                0x0000000008001398                TIM8_BRK_TIM12_IRQHandler
                0x0000000008001398                Default_Handler
                0x0000000008001398                EXTI15_10_IRQHandler
                0x0000000008001398                ADC_IRQHandler
                0x0000000008001398                DMA1_Stream7_IRQHandler
                0x0000000008001398                TIM7_IRQHandler
                0x0000000008001398                CAN2_TX_IRQHandler
                0x0000000008001398                TIM5_IRQHandler
                0x0000000008001398                DMA2_Stream7_IRQHandler
                0x0000000008001398                I2C3_EV_IRQHandler
                0x0000000008001398                EXTI9_5_IRQHandler
                0x0000000008001398                RTC_WKUP_IRQHandler
                0x0000000008001398                ETH_WKUP_IRQHandler
                0x0000000008001398                SPI2_IRQHandler
                0x0000000008001398                OTG_HS_EP1_IN_IRQHandler
                0x0000000008001398                MemManage_Handler
                0x0000000008001398                DMA1_Stream0_IRQHandler
                0x0000000008001398                CAN1_TX_IRQHandler
                0x0000000008001398                SVC_Handler
                0x0000000008001398                EXTI4_IRQHandler
                0x0000000008001398                FSMC_IRQHandler
                0x0000000008001398                ETH_IRQHandler
                0x0000000008001398                OTG_HS_EP1_OUT_IRQHandler
                0x0000000008001398                WWDG_IRQHandler
                0x0000000008001398                OTG_FS_WKUP_IRQHandler
                0x0000000008001398                TIM1_TRG_COM_TIM11_IRQHandler
                0x0000000008001398                OTG_HS_IRQHandler
                0x0000000008001398                EXTI1_IRQHandler
                0x0000000008001398                USART2_IRQHandler
                0x0000000008001398                I2C2_ER_IRQHandler
                0x0000000008001398                DMA2_Stream1_IRQHandler
                0x0000000008001398                CAN1_SCE_IRQHandler
                0x0000000008001398                FLASH_IRQHandler
                0x0000000008001398                DMA2_Stream4_IRQHandler
                0x0000000008001398                BusFault_Handler
                0x0000000008001398                USART1_IRQHandler
                0x0000000008001398                OTG_FS_IRQHandler
                0x0000000008001398                SPI3_IRQHandler
                0x0000000008001398                DMA1_Stream4_IRQHandler
                0x0000000008001398                I2C1_ER_IRQHandler
                0x0000000008001398                DMA2_Stream6_IRQHandler
                0x0000000008001398                DMA1_Stream3_IRQHandler
 *fill*         0x000000000800139a        0x2 
 .text.__libc_init_array
                0x000000000800139c       0x48 d:/cube/stm32cubeide_1.4.0/stm32cubeide/plugins/com.st.stm32cube.ide.mcu.externaltools.gnu-tools-for-stm32.7-2018-q2-update.win32_1.4.0.202007081208/tools/bin/../lib/gcc/arm-none-eabi/7.3.1/../../../../arm-none-eabi/lib/thumb/v7e-m/fpv4-sp/hard\libc_nano.a(lib_a-init.o)
                0x000000000800139c                __libc_init_array
 *(.glue_7)
 .glue_7        0x00000000080013e4        0x0 linker stubs
 *(.glue_7t)
 .glue_7t       0x00000000080013e4        0x0 linker stubs
 *(.eh_frame)
 .eh_frame      0x00000000080013e4        0x0 d:/cube/stm32cubeide_1.4.0/stm32cubeide/plugins/com.st.stm32cube.ide.mcu.externaltools.gnu-tools-for-stm32.7-2018-q2-update.win32_1.4.0.202007081208/tools/bin/../lib/gcc/arm-none-eabi/7.3.1/thumb/v7e-m/fpv4-sp/hard/crtbegin.o
 *(.init)
 .init          0x00000000080013e4        0x4 d:/cube/stm32cubeide_1.4.0/stm32cubeide/plugins/com.st.stm32cube.ide.mcu.externaltools.gnu-tools-for-stm32.7-2018-q2-update.win32_1.4.0.202007081208/tools/bin/../lib/gcc/arm-none-eabi/7.3.1/thumb/v7e-m/fpv4-sp/hard/crti.o
                0x00000000080013e4                _init
 .init          0x00000000080013e8        0x8 d:/cube/stm32cubeide_1.4.0/stm32cubeide/plugins/com.st.stm32cube.ide.mcu.externaltools.gnu-tools-for-stm32.7-2018-q2-update.win32_1.4.0.202007081208/tools/bin/../lib/gcc/arm-none-eabi/7.3.1/thumb/v7e-m/fpv4-sp/hard/crtn.o
 *(.fini)
 .fini          0x00000000080013f0        0x4 d:/cube/stm32cubeide_1.4.0/stm32cubeide/plugins/com.st.stm32cube.ide.mcu.externaltools.gnu-tools-for-stm32.7-2018-q2-update.win32_1.4.0.202007081208/tools/bin/../lib/gcc/arm-none-eabi/7.3.1/thumb/v7e-m/fpv4-sp/hard/crti.o
                0x00000000080013f0                _fini
 .fini          0x00000000080013f4        0x8 d:/cube/stm32cubeide_1.4.0/stm32cubeide/plugins/com.st.stm32cube.ide.mcu.externaltools.gnu-tools-for-stm32.7-2018-q2-update.win32_1.4.0.202007081208/tools/bin/../lib/gcc/arm-none-eabi/7.3.1/thumb/v7e-m/fpv4-sp/hard/crtn.o
                0x00000000080013fc                . = ALIGN (0x4)
                0x00000000080013fc                _etext = .

.vfp11_veneer   0x00000000080013fc        0x0
 .vfp11_veneer  0x00000000080013fc        0x0 linker stubs

.v4_bx          0x00000000080013fc        0x0
 .v4_bx         0x00000000080013fc        0x0 linker stubs

.iplt           0x00000000080013fc        0x0
 .iplt          0x00000000080013fc        0x0 d:/cube/stm32cubeide_1.4.0/stm32cubeide/plugins/com.st.stm32cube.ide.mcu.externaltools.gnu-tools-for-stm32.7-2018-q2-update.win32_1.4.0.202007081208/tools/bin/../lib/gcc/arm-none-eabi/7.3.1/thumb/v7e-m/fpv4-sp/hard/crtbegin.o

.rel.dyn        0x00000000080013fc        0x0
 .rel.iplt      0x00000000080013fc        0x0 d:/cube/stm32cubeide_1.4.0/stm32cubeide/plugins/com.st.stm32cube.ide.mcu.externaltools.gnu-tools-for-stm32.7-2018-q2-update.win32_1.4.0.202007081208/tools/bin/../lib/gcc/arm-none-eabi/7.3.1/thumb/v7e-m/fpv4-sp/hard/crtbegin.o

.rodata         0x00000000080013fc        0x0
                0x00000000080013fc                . = ALIGN (0x4)
 *(.rodata)
 *(.rodata*)
                0x00000000080013fc                . = ALIGN (0x4)

.ARM.extab      0x00000000080013fc        0x0
                0x00000000080013fc                . = ALIGN (0x4)
 *(.ARM.extab* .gnu.linkonce.armextab.*)
                0x00000000080013fc                . = ALIGN (0x4)

.ARM            0x00000000080013fc        0x0
                0x00000000080013fc                . = ALIGN (0x4)
                0x00000000080013fc                __exidx_start = .
 *(.ARM.exidx*)
                0x00000000080013fc                __exidx_end = .
                0x00000000080013fc                . = ALIGN (0x4)

.preinit_array  0x00000000080013fc        0x0
                0x00000000080013fc                . = ALIGN (0x4)
                0x00000000080013fc                PROVIDE (__preinit_array_start = .)
 *(.preinit_array*)
                0x00000000080013fc                PROVIDE (__preinit_array_end = .)
                0x00000000080013fc                . = ALIGN (0x4)

.init_array     0x00000000080013fc        0x4
                0x00000000080013fc                . = ALIGN (0x4)
                0x00000000080013fc                PROVIDE (__init_array_start = .)
 *(SORT_BY_NAME(.init_array.*))
 *(.init_array*)
 .init_array    0x00000000080013fc        0x4 d:/cube/stm32cubeide_1.4.0/stm32cubeide/plugins/com.st.stm32cube.ide.mcu.externaltools.gnu-tools-for-stm32.7-2018-q2-update.win32_1.4.0.202007081208/tools/bin/../lib/gcc/arm-none-eabi/7.3.1/thumb/v7e-m/fpv4-sp/hard/crtbegin.o
                0x0000000008001400                PROVIDE (__init_array_end = .)
                0x0000000008001400                . = ALIGN (0x4)

.fini_array     0x0000000008001400        0x4
                0x0000000008001400                . = ALIGN (0x4)
                [!provide]                        PROVIDE (__fini_array_start = .)
 *(SORT_BY_NAME(.fini_array.*))
 *(.fini_array*)
 .fini_array    0x0000000008001400        0x4 d:/cube/stm32cubeide_1.4.0/stm32cubeide/plugins/com.st.stm32cube.ide.mcu.externaltools.gnu-tools-for-stm32.7-2018-q2-update.win32_1.4.0.202007081208/tools/bin/../lib/gcc/arm-none-eabi/7.3.1/thumb/v7e-m/fpv4-sp/hard/crtbegin.o
                [!provide]                        PROVIDE (__fini_array_end = .)
                0x0000000008001404                . = ALIGN (0x4)
                0x0000000008001404                _sidata = LOADADDR (.data)

.data           0x0000000020000000        0x0 load address 0x0000000008001404
                0x0000000020000000                . = ALIGN (0x4)
                0x0000000020000000                _sdata = .
 *(.data)
 *(.data*)
                0x0000000020000000                . = ALIGN (0x4)
                0x0000000020000000                _edata = .

.igot.plt       0x0000000020000000        0x0 load address 0x0000000008001404
 .igot.plt      0x0000000020000000        0x0 d:/cube/stm32cubeide_1.4.0/stm32cubeide/plugins/com.st.stm32cube.ide.mcu.externaltools.gnu-tools-for-stm32.7-2018-q2-update.win32_1.4.0.202007081208/tools/bin/../lib/gcc/arm-none-eabi/7.3.1/thumb/v7e-m/fpv4-sp/hard/crtbegin.o
                0x0000000020000000                . = ALIGN (0x4)

.bss            0x0000000020000000    0x12d18 load address 0x0000000008001404
                0x0000000020000000                _sbss = .
                0x0000000020000000                __bss_start__ = _sbss
 *(.bss)
 .bss           0x0000000020000000       0x1c d:/cube/stm32cubeide_1.4.0/stm32cubeide/plugins/com.st.stm32cube.ide.mcu.externaltools.gnu-tools-for-stm32.7-2018-q2-update.win32_1.4.0.202007081208/tools/bin/../lib/gcc/arm-none-eabi/7.3.1/thumb/v7e-m/fpv4-sp/hard/crtbegin.o
 *(.bss*)
 *(COMMON)
 COMMON         0x000000002000001c    0x12cfc Core/Src/main.o
                0x000000002000001c                VGA
                0x0000000020000028                VGA_RAM1
                0x0000000020012d18                . = ALIGN (0x4)
                0x0000000020012d18                _ebss = .
                0x0000000020012d18                __bss_end__ = _ebss

._user_heap_stack
                0x0000000020012d18      0x600 load address 0x0000000008001404
                0x0000000020012d18                . = ALIGN (0x8)
                [!provide]                        PROVIDE (end = .)
                [!provide]                        PROVIDE (_end = .)
                0x0000000020012f18                . = (. + _Min_Heap_Size)
 *fill*         0x0000000020012d18      0x200 
                0x0000000020013318                . = (. + _Min_Stack_Size)
 *fill*         0x0000000020012f18      0x400 
                0x0000000020013318                . = ALIGN (0x8)

/DISCARD/
 libc.a(*)
 libm.a(*)
 libgcc.a(*)

.ARM.attributes
                0x0000000000000000       0x30
 *(.ARM.attributes)
 .ARM.attributes
                0x0000000000000000       0x22 d:/cube/stm32cubeide_1.4.0/stm32cubeide/plugins/com.st.stm32cube.ide.mcu.externaltools.gnu-tools-for-stm32.7-2018-q2-update.win32_1.4.0.202007081208/tools/bin/../lib/gcc/arm-none-eabi/7.3.1/thumb/v7e-m/fpv4-sp/hard/crti.o
 .ARM.attributes
                0x0000000000000022       0x34 d:/cube/stm32cubeide_1.4.0/stm32cubeide/plugins/com.st.stm32cube.ide.mcu.externaltools.gnu-tools-for-stm32.7-2018-q2-update.win32_1.4.0.202007081208/tools/bin/../lib/gcc/arm-none-eabi/7.3.1/thumb/v7e-m/fpv4-sp/hard/crtbegin.o
 .ARM.attributes
                0x0000000000000056       0x39 Core/Src/main.o
 .ARM.attributes
                0x000000000000008f       0x39 Core/Src/misc.o
 .ARM.attributes
                0x00000000000000c8       0x39 Core/Src/stm32_ub_vga_screen.o
 .ARM.attributes
                0x0000000000000101       0x39 Core/Src/stm32f4xx_dma.o
 .ARM.attributes
                0x000000000000013a       0x39 Core/Src/stm32f4xx_gpio.o
 .ARM.attributes
                0x0000000000000173       0x39 Core/Src/stm32f4xx_rcc.o
 .ARM.attributes
                0x00000000000001ac       0x39 Core/Src/stm32f4xx_tim.o
 .ARM.attributes
                0x00000000000001e5       0x39 Core/Src/system_stm32f4xx.o
 .ARM.attributes
                0x000000000000021e       0x21 Core/Startup/startup_stm32f407vgtx.o
 .ARM.attributes
                0x000000000000023f       0x34 d:/cube/stm32cubeide_1.4.0/stm32cubeide/plugins/com.st.stm32cube.ide.mcu.externaltools.gnu-tools-for-stm32.7-2018-q2-update.win32_1.4.0.202007081208/tools/bin/../lib/gcc/arm-none-eabi/7.3.1/../../../../arm-none-eabi/lib/thumb/v7e-m/fpv4-sp/hard\libc_nano.a(lib_a-init.o)
 .ARM.attributes
                0x0000000000000273       0x22 d:/cube/stm32cubeide_1.4.0/stm32cubeide/plugins/com.st.stm32cube.ide.mcu.externaltools.gnu-tools-for-stm32.7-2018-q2-update.win32_1.4.0.202007081208/tools/bin/../lib/gcc/arm-none-eabi/7.3.1/thumb/v7e-m/fpv4-sp/hard/crtn.o
OUTPUT(VGA.elf elf32-littlearm)

.debug_info     0x0000000000000000     0x5641
 .debug_info    0x0000000000000000      0x9c4 Core/Src/main.o
 .debug_info    0x00000000000009c4      0x54b Core/Src/misc.o
 .debug_info    0x0000000000000f0f      0xae7 Core/Src/stm32_ub_vga_screen.o
 .debug_info    0x00000000000019f6      0x74b Core/Src/stm32f4xx_dma.o
 .debug_info    0x0000000000002141      0x62b Core/Src/stm32f4xx_gpio.o
 .debug_info    0x000000000000276c      0xc72 Core/Src/stm32f4xx_rcc.o
 .debug_info    0x00000000000033de     0x1c73 Core/Src/stm32f4xx_tim.o
 .debug_info    0x0000000000005051      0x5ce Core/Src/system_stm32f4xx.o
 .debug_info    0x000000000000561f       0x22 Core/Startup/startup_stm32f407vgtx.o

.debug_abbrev   0x0000000000000000      0xd7f
 .debug_abbrev  0x0000000000000000      0x1cd Core/Src/main.o
 .debug_abbrev  0x00000000000001cd      0x177 Core/Src/misc.o
 .debug_abbrev  0x0000000000000344      0x204 Core/Src/stm32_ub_vga_screen.o
 .debug_abbrev  0x0000000000000548      0x16d Core/Src/stm32f4xx_dma.o
 .debug_abbrev  0x00000000000006b5      0x1bf Core/Src/stm32f4xx_gpio.o
 .debug_abbrev  0x0000000000000874      0x1fd Core/Src/stm32f4xx_rcc.o
 .debug_abbrev  0x0000000000000a71      0x19f Core/Src/stm32f4xx_tim.o
 .debug_abbrev  0x0000000000000c10      0x15d Core/Src/system_stm32f4xx.o
 .debug_abbrev  0x0000000000000d6d       0x12 Core/Startup/startup_stm32f407vgtx.o

.debug_aranges  0x0000000000000000      0x6c0
 .debug_aranges
                0x0000000000000000       0x20 Core/Src/main.o
 .debug_aranges
                0x0000000000000020       0x40 Core/Src/misc.o
 .debug_aranges
                0x0000000000000060       0x60 Core/Src/stm32_ub_vga_screen.o
 .debug_aranges
                0x00000000000000c0       0xb0 Core/Src/stm32f4xx_dma.o
 .debug_aranges
                0x0000000000000170       0x88 Core/Src/stm32f4xx_gpio.o
 .debug_aranges
                0x00000000000001f8      0x178 Core/Src/stm32f4xx_rcc.o
 .debug_aranges
                0x0000000000000370      0x2f8 Core/Src/stm32f4xx_tim.o
 .debug_aranges
                0x0000000000000668       0x30 Core/Src/system_stm32f4xx.o
 .debug_aranges
                0x0000000000000698       0x28 Core/Startup/startup_stm32f407vgtx.o

.debug_ranges   0x0000000000000000      0x638
 .debug_ranges  0x0000000000000000       0x10 Core/Src/main.o
 .debug_ranges  0x0000000000000010       0x30 Core/Src/misc.o
 .debug_ranges  0x0000000000000040       0x50 Core/Src/stm32_ub_vga_screen.o
 .debug_ranges  0x0000000000000090       0xa0 Core/Src/stm32f4xx_dma.o
 .debug_ranges  0x0000000000000130       0x78 Core/Src/stm32f4xx_gpio.o
 .debug_ranges  0x00000000000001a8      0x168 Core/Src/stm32f4xx_rcc.o
 .debug_ranges  0x0000000000000310      0x2e8 Core/Src/stm32f4xx_tim.o
 .debug_ranges  0x00000000000005f8       0x20 Core/Src/system_stm32f4xx.o
 .debug_ranges  0x0000000000000618       0x20 Core/Startup/startup_stm32f407vgtx.o

.debug_macro    0x0000000000000000     0xd335
 .debug_macro   0x0000000000000000      0x194 Core/Src/main.o
 .debug_macro   0x0000000000000194      0xa5a Core/Src/main.o
 .debug_macro   0x0000000000000bee       0x63 Core/Src/main.o
 .debug_macro   0x0000000000000c51       0x35 Core/Src/main.o
 .debug_macro   0x0000000000000c86       0x22 Core/Src/main.o
 .debug_macro   0x0000000000000ca8       0x8e Core/Src/main.o
 .debug_macro   0x0000000000000d36       0x51 Core/Src/main.o
 .debug_macro   0x0000000000000d87       0xef Core/Src/main.o
 .debug_macro   0x0000000000000e76       0x6a Core/Src/main.o
 .debug_macro   0x0000000000000ee0      0x1df Core/Src/main.o
 .debug_macro   0x00000000000010bf       0x18 Core/Src/main.o
 .debug_macro   0x00000000000010d7       0x42 Core/Src/main.o
 .debug_macro   0x0000000000001119      0x8cb Core/Src/main.o
 .debug_macro   0x00000000000019e4     0x8088 Core/Src/main.o
 .debug_macro   0x0000000000009a6c      0x265 Core/Src/main.o
 .debug_macro   0x0000000000009cd1      0x538 Core/Src/main.o
 .debug_macro   0x000000000000a209      0x73b Core/Src/main.o
 .debug_macro   0x000000000000a944       0x7f Core/Src/main.o
 .debug_macro   0x000000000000a9c3      0x477 Core/Src/main.o
 .debug_macro   0x000000000000ae3a       0xa6 Core/Src/main.o
 .debug_macro   0x000000000000aee0       0x46 Core/Src/main.o
 .debug_macro   0x000000000000af26       0x18 Core/Src/main.o
 .debug_macro   0x000000000000af3e       0x3c Core/Src/main.o
 .debug_macro   0x000000000000af7a       0x34 Core/Src/main.o
 .debug_macro   0x000000000000afae      0x174 Core/Src/main.o
 .debug_macro   0x000000000000b122       0x52 Core/Src/main.o
 .debug_macro   0x000000000000b174       0x1f Core/Src/main.o
 .debug_macro   0x000000000000b193       0x43 Core/Src/main.o
 .debug_macro   0x000000000000b1d6       0x20 Core/Src/main.o
 .debug_macro   0x000000000000b1f6      0x1a3 Core/Src/main.o
 .debug_macro   0x000000000000b399      0x330 Core/Src/main.o
 .debug_macro   0x000000000000b6c9      0x1e1 Core/Src/main.o
 .debug_macro   0x000000000000b8aa       0xc9 Core/Src/misc.o
 .debug_macro   0x000000000000b973       0x79 Core/Src/misc.o
 .debug_macro   0x000000000000b9ec       0x10 Core/Src/misc.o
 .debug_macro   0x000000000000b9fc       0xe7 Core/Src/stm32_ub_vga_screen.o
 .debug_macro   0x000000000000bae3      0x120 Core/Src/stm32f4xx_dma.o
 .debug_macro   0x000000000000bc03      0x471 Core/Src/stm32f4xx_dma.o
 .debug_macro   0x000000000000c074       0xcc Core/Src/stm32f4xx_gpio.o
 .debug_macro   0x000000000000c140      0x25f Core/Src/stm32f4xx_gpio.o
 .debug_macro   0x000000000000c39f      0x16b Core/Src/stm32f4xx_rcc.o
 .debug_macro   0x000000000000c50a      0x532 Core/Src/stm32f4xx_rcc.o
 .debug_macro   0x000000000000ca3c       0xf6 Core/Src/stm32f4xx_tim.o
 .debug_macro   0x000000000000cb32      0x735 Core/Src/stm32f4xx_tim.o
 .debug_macro   0x000000000000d267       0xce Core/Src/system_stm32f4xx.o

.debug_line     0x0000000000000000     0x3645
 .debug_line    0x0000000000000000      0x5ba Core/Src/main.o
 .debug_line    0x00000000000005ba      0x480 Core/Src/misc.o
 .debug_line    0x0000000000000a3a      0x5dd Core/Src/stm32_ub_vga_screen.o
 .debug_line    0x0000000000001017      0x67d Core/Src/stm32f4xx_dma.o
 .debug_line    0x0000000000001694      0x5b3 Core/Src/stm32f4xx_gpio.o
 .debug_line    0x0000000000001c47      0x7e5 Core/Src/stm32f4xx_rcc.o
 .debug_line    0x000000000000242c      0xd14 Core/Src/stm32f4xx_tim.o
 .debug_line    0x0000000000003140      0x480 Core/Src/system_stm32f4xx.o
 .debug_line    0x00000000000035c0       0x85 Core/Startup/startup_stm32f407vgtx.o

.debug_str      0x0000000000000000    0x467d5
 .debug_str     0x0000000000000000    0x43d80 Core/Src/main.o
                                      0x44040 (size before relaxing)
 .debug_str     0x0000000000043d80      0x2ae Core/Src/misc.o
                                      0x34f29 (size before relaxing)
 .debug_str     0x000000000004402e      0xa55 Core/Src/stm32_ub_vga_screen.o
                                      0x41033 (size before relaxing)
 .debug_str     0x0000000000044a83      0x56e Core/Src/stm32f4xx_dma.o
                                      0x3a9d0 (size before relaxing)
 .debug_str     0x0000000000044ff1      0x176 Core/Src/stm32f4xx_gpio.o
                                      0x38e23 (size before relaxing)
 .debug_str     0x0000000000045167      0xadc Core/Src/stm32f4xx_rcc.o
                                      0x38223 (size before relaxing)
 .debug_str     0x0000000000045c43      0xa98 Core/Src/stm32f4xx_tim.o
                                      0x3c98d (size before relaxing)
 .debug_str     0x00000000000466db       0xc4 Core/Src/system_stm32f4xx.o
                                      0x34a3e (size before relaxing)
 .debug_str     0x000000000004679f       0x36 Core/Startup/startup_stm32f407vgtx.o
                                         0x5b (size before relaxing)

.comment        0x0000000000000000       0x7b
 .comment       0x0000000000000000       0x7b Core/Src/main.o
                                         0x7c (size before relaxing)
 .comment       0x000000000000007b       0x7c Core/Src/misc.o
 .comment       0x000000000000007b       0x7c Core/Src/stm32_ub_vga_screen.o
 .comment       0x000000000000007b       0x7c Core/Src/stm32f4xx_dma.o
 .comment       0x000000000000007b       0x7c Core/Src/stm32f4xx_gpio.o
 .comment       0x000000000000007b       0x7c Core/Src/stm32f4xx_rcc.o
 .comment       0x000000000000007b       0x7c Core/Src/stm32f4xx_tim.o
 .comment       0x000000000000007b       0x7c Core/Src/system_stm32f4xx.o

.debug_frame    0x0000000000000000     0x1d60
 .debug_frame   0x0000000000000000       0x2c Core/Src/main.o
 .debug_frame   0x000000000000002c       0xd8 Core/Src/misc.o
 .debug_frame   0x0000000000000104      0x148 Core/Src/stm32_ub_vga_screen.o
 .debug_frame   0x000000000000024c      0x308 Core/Src/stm32f4xx_dma.o
 .debug_frame   0x0000000000000554      0x23c Core/Src/stm32f4xx_gpio.o
 .debug_frame   0x0000000000000790      0x6d4 Core/Src/stm32f4xx_rcc.o
 .debug_frame   0x0000000000000e64      0xe54 Core/Src/stm32f4xx_tim.o
 .debug_frame   0x0000000000001cb8       0x7c Core/Src/system_stm32f4xx.o
 .debug_frame   0x0000000000001d34       0x2c d:/cube/stm32cubeide_1.4.0/stm32cubeide/plugins/com.st.stm32cube.ide.mcu.externaltools.gnu-tools-for-stm32.7-2018-q2-update.win32_1.4.0.202007081208/tools/bin/../lib/gcc/arm-none-eabi/7.3.1/../../../../arm-none-eabi/lib/thumb/v7e-m/fpv4-sp/hard\libc_nano.a(lib_a-init.o)
