12:49:58 **** Incremental Build of configuration Debug for project swont_ide ****
make -j12 all 
arm-none-eabi-gcc "../Core/ub_lib/stm32_ub_vga_screen.c" -mcpu=cortex-m4 -std=gnu11 -g3 -DUSE_HAL_DRIVER -DDEBUG -DSTM32F407xx -c -I"C:/Users/Niels/Documents/GitHub/Software-ontwikkeling/Swont_ide_uart_6.5.zip_expanded/swont_ide/Core/ub_lib" -I../Drivers/CMSIS/Include -I../Core/Inc -I../Drivers/STM32F4xx_HAL_Driver/Inc -I../Drivers/CMSIS/Device/ST/STM32F4xx/Include -I../Drivers/STM32F4xx_HAL_Driver/Inc/Legacy -O0 -ffunction-sections -fdata-sections -Wall -fstack-usage -MMD -MP -MF"Core/ub_lib/stm32_ub_vga_screen.d" -MT"Core/ub_lib/stm32_ub_vga_screen.o" --specs=nano.specs -mfpu=fpv4-sp-d16 -mfloat-abi=hard -mthumb -o "Core/ub_lib/stm32_ub_vga_screen.o"
arm-none-eabi-gcc -o "swont_ide.elf" @"objects.list"   -mcpu=cortex-m4 -T"C:\Users\Niels\Documents\GitHub\Software-ontwikkeling\Swont_ide_uart_6.5.zip_expanded\swont_ide\STM32F407VGTX_FLASH.ld" --specs=nosys.specs -Wl,-Map="swont_ide.map" -Wl,--gc-sections -static --specs=nano.specs -mfpu=fpv4-sp-d16 -mfloat-abi=hard -mthumb -Wl,--start-group -lc -lm -Wl,--end-group
Finished building target: swont_ide.elf
 
arm-none-eabi-size   swont_ide.elf 
arm-none-eabi-objdump -h -S  swont_ide.elf  > "swont_ide.list"
arm-none-eabi-objcopy  -O binary  swont_ide.elf  "swont_ide.bin"
   text	   data	    bss	    dec	    hex	filename
  20416	    120	  81008	 101544	  18ca8	swont_ide.elf
Finished building: default.size.stdout
 
Finished building: swont_ide.bin
 
Finished building: swont_ide.list
 
